2025-06-19T12:50:46.466749 Loaded friends list.
2025-06-19T12:50:56.622328 Edited note for OZYBOY_rtid_1872: Robert
2025-06-19T12:56:17.927149 Loaded friends list.
2025-06-19T12:58:42.980071 Loaded friends list.
2026-08-07T14:28:45.875094 Loaded friends list.
2026-08-07T14:36:43.420612 Loaded friends list.
2026-08-07T14:40:21.253771 Loaded friends list.
2026-08-07T15:11:30.039484 Moved to keep: Dropper
2026-08-07T15:13:17.376317 Loaded friends list.
2026-08-07T15:13:20.498352 Moved to keep: sGYQ
2026-08-07T15:13:33.748626 Moved to remove: sGYQ
2026-08-07T15:18:11.619010 Loaded friends list.
2026-08-07T16:04:10.248048 Moved to keep: DropMe.4[x]
2026-08-07T16:04:38.555045 Moved to keep: DropMe.4[x]
2026-08-07T16:05:33.004751 Moved to keep: DropMe.4[x]
2026-08-07T16:12:48.465635 Moved to keep: DropMe.4[x]
2026-08-07T16:15:40.176866 Moved to keep: Dropme
2026-08-07T16:15:40.185553 Exported CSV to C:\Users\jotab\AppData\Local\Temp\tmpx2de3pv_\out.csv
2026-08-07T16:15:40.194137 Exported backup to C:\Users\jotab\AppData\Local\Temp\tmpx2de3pv_\b.json
2026-08-07T16:15:40.203267 Imported backup from C:\Users\jotab\AppData\Local\Temp\tmpx2de3pv_\b.json
2026-08-07T16:15:40.214430 Undo last unfriend: restored to whitelist.
2026-08-07T16:17:03.810797 Undo last unfriend: restored to whitelist.
2026-08-07T16:21:47.276992 Loaded friends list.
2026-08-07T16:41:32.561234 Moved to keep: DopeFeinFriday-
2026-08-07T16:41:46.209139 Moved to keep: iHyme
2026-08-07T16:41:52.072817 Moved to keep: zshazzle
2026-08-07T16:42:19.275395 Moved to keep: Dot_computer
2026-08-07T16:42:40.981042 Moved to keep: nL_buble
2026-08-07T16:43:35.398533 Exported backup to C:/Users/jotab/Downloads/PSN-Unfriender-Tool-main/PSN-Unfriender-Tool-main/friends1.json
2026-08-07T16:44:20.723223 Moved to keep: DropMe.4[x]
2026-08-07T16:51:01.998408 Bulk-edited note for 50 friends: raid-team
2026-08-07T16:51:02.049984 Edited note for Keeper0: raid-team
2026-08-07T16:51:02.049984 Edited note for Keeper1: raid-team
2026-08-07T16:51:02.049984 Edited note for Keeper2: raid-team
2026-08-07T16:51:02.085766 Moved to keep: Dropper0, Dropper1, Dropper2, Dropper3, Dropper4, Dropper5, Dropper6, Dropper7, Dropper8, Dropper9, Dropper10, Dropper11, Dropper12, Dropper13, Dropper14, Dropper15, Dropper16, Dropper17, Dropper18, Dropper19, Dropper20, Dropper21, Dropper22, Dropper23, Dropper24, Dropper25, Dropper26, Dropper27, Dropper28, Dropper29, Dropper30, Dropper31, Dropper32, Dropper33, Dropper34, Dropper35, Dropper36, Dropper37, Dropper38, Dropper39
2026-08-07T16:51:54.523303 Moved to keep: DropMe.4[x]
2026-08-07T16:51:57.663430 Bulk-edited note for 50 friends: raid-team
2026-08-07T16:51:57.706886 Edited note for Keeper0: raid-team
2026-08-07T16:51:57.706886 Edited note for Keeper1: raid-team
2026-08-07T16:51:57.706886 Edited note for Keeper2: raid-team
2026-08-07T16:51:57.737650 Moved to keep: Dropper0, Dropper1, Dropper2, Dropper3, Dropper4, Dropper5, Dropper6, Dropper7, Dropper8, Dropper9, Dropper10, Dropper11, Dropper12, Dropper13, Dropper14, Dropper15, Dropper16, Dropper17, Dropper18, Dropper19, Dropper20, Dropper21, Dropper22, Dropper23, Dropper24, Dropper25, Dropper26, Dropper27, Dropper28, Dropper29, Dropper30, Dropper31, Dropper32, Dropper33, Dropper34, Dropper35, Dropper36, Dropper37, Dropper38, Dropper39
2026-08-07T17:00:28.617085 Loaded friends list.
2026-08-07T17:00:43.452374 Moved to keep: RegretFuture
2026-08-07T17:00:47.245737 Moved to keep: young__mondo
2026-08-07T17:00:49.615129 Moved to keep: Graely
2026-08-07T17:00:51.265856 Moved to keep: chevyboyz502
2026-08-07T17:00:53.753035 Moved to keep: Twitch-XavSzn
2026-08-07T17:00:55.391667 Moved to keep: xSmokezl-
2026-08-07T17:00:58.928035 Moved to keep: DaBakedToast
2026-08-07T17:01:00.466002 Moved to keep: Yaboi_Joseph_
2026-08-07T17:01:02.141131 Moved to keep: Big_Boy_Sarosh
2026-08-07T17:01:03.708161 Moved to keep: Hqate
2026-08-07T17:01:06.910508 Moved to keep: Dallas2606
2026-08-07T17:01:09.093854 Moved to keep: Lil-Dragon9706
2026-08-07T17:01:10.897539 Moved to keep: DarkSlushii
2026-08-07T17:01:12.170471 Moved to keep: JBaileyBigNasty-
2026-08-07T17:01:13.453698 Moved to keep: Tk16andzway
2026-08-07T17:01:14.640207 Moved to keep: YaBoi_Colton
2026-08-07T17:01:15.893582 Moved to keep: BananaManMikey
2026-08-07T17:01:17.108658 Moved to keep: Zolyq
2026-08-07T17:01:27.867249 Moved to keep: reflex-skittle
2026-08-07T17:01:29.974838 Moved to keep: Himpc
2026-08-07T17:01:31.322175 Moved to keep: BadToastyToast
2026-08-07T17:01:33.565882 Moved to keep: Kkaiden-_-
2026-08-07T17:01:35.106260 Moved to keep: Dot_computer
2026-08-07T17:01:37.582476 Moved to keep: AndrewWWE06
2026-08-07T17:01:39.641812 Moved to keep: LockedTheroy
2026-08-07T17:01:45.318737 Moved to keep: iHyme
2026-08-07T17:01:49.275072 Moved to keep: zshazzle
2026-08-07T17:02:52.492562 Exported backup to C:/Users/jotab/Downloads/keep!!!.json
2026-08-07T17:08:03.842228 Stop requested during removal.
2026-08-07T17:09:40.918259 Imported backup from C:/Users/jotab/Downloads/keep!!!.json
2026-08-07T17:10:07.161485 Stop requested during removal.
2026-08-07T17:10:07.163028 Stopped after unfriending 0 of 410 friends, 46 failed.
